[     156ms] [ERROR] Failed to load resource: the server responded with a status of 401 () @ https://api.practicesoftwaretesting.com/users/me:0
[     157ms] [ERROR] ERROR {message: Unauthorized} @ https://practicesoftwaretesting.com/chunk-JBAH3FYV.js:6
[     177ms] [LOG] Initializing Google Analytics 4: G-0BJFXRKTYC @ https://practicesoftwaretesting.com/chunk-4EZ6YPXQ.js:0
[     192ms] [ERROR] ERROR TypeError: Cannot read properties of null (reading 'cart_items')
    at template (https://practicesoftwaretesting.com/chunk-INL72T3J.js:1:29496)
    at Vm (https://practicesoftwaretesting.com/chunk-JBAH3FYV.js:7:39700)
    at GC (https://practicesoftwaretesting.com/chunk-JBAH3FYV.js:7:48997)
    at rd (https://practicesoftwaretesting.com/chunk-JBAH3FYV.js:7:50165)
    at Xm (https://practicesoftwaretesting.com/chunk-JBAH3FYV.js:7:49997)
    at WC (https://practicesoftwaretesting.com/chunk-JBAH3FYV.js:7:49953)
    at ev (https://practicesoftwaretesting.com/chunk-JBAH3FYV.js:7:50344)
    at GC (https://practicesoftwaretesting.com/chunk-JBAH3FYV.js:7:49352)
    at rd (https://practicesoftwaretesting.com/chunk-JBAH3FYV.js:7:50165)
    at Xm (https://practicesoftwaretesting.com/chunk-JBAH3FYV.js:7:49997) @ https://practicesoftwaretesting.com/chunk-JBAH3FYV.js:6
[     194ms] [ERROR] ERROR TypeError: Cannot read properties of null (reading 'cart_items')
    at template (https://practicesoftwaretesting.com/chunk-INL72T3J.js:1:29496)
    at Vm (https://practicesoftwaretesting.com/chunk-JBAH3FYV.js:7:39700)
    at GC (https://practicesoftwaretesting.com/chunk-JBAH3FYV.js:7:48997)
    at rd (https://practicesoftwaretesting.com/chunk-JBAH3FYV.js:7:50165)
    at Xm (https://practicesoftwaretesting.com/chunk-JBAH3FYV.js:7:49997)
    at WC (https://practicesoftwaretesting.com/chunk-JBAH3FYV.js:7:49953)
    at ev (https://practicesoftwaretesting.com/chunk-JBAH3FYV.js:7:50344)
    at GC (https://practicesoftwaretesting.com/chunk-JBAH3FYV.js:7:49352)
    at rd (https://practicesoftwaretesting.com/chunk-JBAH3FYV.js:7:50165)
    at Xm (https://practicesoftwaretesting.com/chunk-JBAH3FYV.js:7:49997) @ https://practicesoftwaretesting.com/chunk-JBAH3FYV.js:6
[     195ms] [ERROR] ERROR TypeError: Cannot read properties of null (reading 'cart_items')
    at template (https://practicesoftwaretesting.com/chunk-INL72T3J.js:1:29496)
    at Vm (https://practicesoftwaretesting.com/chunk-JBAH3FYV.js:7:39700)
    at GC (https://practicesoftwaretesting.com/chunk-JBAH3FYV.js:7:48997)
    at rd (https://practicesoftwaretesting.com/chunk-JBAH3FYV.js:7:50165)
    at Xm (https://practicesoftwaretesting.com/chunk-JBAH3FYV.js:7:49997)
    at WC (https://practicesoftwaretesting.com/chunk-JBAH3FYV.js:7:49953)
    at ev (https://practicesoftwaretesting.com/chunk-JBAH3FYV.js:7:50344)
    at GC (https://practicesoftwaretesting.com/chunk-JBAH3FYV.js:7:49352)
    at rd (https://practicesoftwaretesting.com/chunk-JBAH3FYV.js:7:50165)
    at Xm (https://practicesoftwaretesting.com/chunk-JBAH3FYV.js:7:49997) @ https://practicesoftwaretesting.com/chunk-JBAH3FYV.js:6
[     195ms] [ERROR] ERROR TypeError: Cannot read properties of null (reading 'cart_items')
    at Object.next (https://practicesoftwaretesting.com/chunk-INL72T3J.js:1:26325)
    at mu.next (https://practicesoftwaretesting.com/chunk-JBAH3FYV.js:3:3101)
    at Tt._next (https://practicesoftwaretesting.com/chunk-JBAH3FYV.js:3:2784)
    at Tt.next (https://practicesoftwaretesting.com/chunk-JBAH3FYV.js:3:2511)
    at e._subscribe (https://practicesoftwaretesting.com/chunk-JBAH3FYV.js:3:15445)
    at e._trySubscribe (https://practicesoftwaretesting.com/chunk-JBAH3FYV.js:3:4399)
    at https://practicesoftwaretesting.com/chunk-JBAH3FYV.js:3:4344
    at fr (https://practicesoftwaretesting.com/chunk-JBAH3FYV.js:3:2204)
    at e.subscribe (https://practicesoftwaretesting.com/chunk-JBAH3FYV.js:3:4260)
    at t.fetchCartItems (https://practicesoftwaretesting.com/chunk-INL72T3J.js:1:26266) @ https://practicesoftwaretesting.com/chunk-JBAH3FYV.js:6
[     204ms] [ERROR] ERROR TypeError: Cannot read properties of null (reading 'cart_items')
    at template (https://practicesoftwaretesting.com/chunk-INL72T3J.js:1:29496)
    at Vm (https://practicesoftwaretesting.com/chunk-JBAH3FYV.js:7:39700)
    at GC (https://practicesoftwaretesting.com/chunk-JBAH3FYV.js:7:48997)
    at rd (https://practicesoftwaretesting.com/chunk-JBAH3FYV.js:7:50165)
    at Xm (https://practicesoftwaretesting.com/chunk-JBAH3FYV.js:7:49997)
    at WC (https://practicesoftwaretesting.com/chunk-JBAH3FYV.js:7:49953)
    at ev (https://practicesoftwaretesting.com/chunk-JBAH3FYV.js:7:50344)
    at GC (https://practicesoftwaretesting.com/chunk-JBAH3FYV.js:7:49352)
    at rd (https://practicesoftwaretesting.com/chunk-JBAH3FYV.js:7:50165)
    at Xm (https://practicesoftwaretesting.com/chunk-JBAH3FYV.js:7:49997) @ https://practicesoftwaretesting.com/chunk-JBAH3FYV.js:6
[     205ms] [ERROR] ERROR TypeError: Cannot read properties of null (reading 'cart_items')
    at Object.next (https://practicesoftwaretesting.com/chunk-INL72T3J.js:1:53403)
    at mu.next (https://practicesoftwaretesting.com/chunk-JBAH3FYV.js:3:3101)
    at Tt._next (https://practicesoftwaretesting.com/chunk-JBAH3FYV.js:3:2784)
    at Tt.next (https://practicesoftwaretesting.com/chunk-JBAH3FYV.js:3:2511)
    at e._subscribe (https://practicesoftwaretesting.com/chunk-JBAH3FYV.js:3:15445)
    at e._trySubscribe (https://practicesoftwaretesting.com/chunk-JBAH3FYV.js:3:4399)
    at https://practicesoftwaretesting.com/chunk-JBAH3FYV.js:3:4344
    at fr (https://practicesoftwaretesting.com/chunk-JBAH3FYV.js:3:2204)
    at e.subscribe (https://practicesoftwaretesting.com/chunk-JBAH3FYV.js:3:4260)
    at t.ngOnInit (https://practicesoftwaretesting.com/chunk-INL72T3J.js:1:53344) @ https://practicesoftwaretesting.com/chunk-JBAH3FYV.js:6
[     206ms] [ERROR] ERROR TypeError: Cannot read properties of null (reading 'cart_items')
    at template (https://practicesoftwaretesting.com/chunk-INL72T3J.js:1:29496)
    at Vm (https://practicesoftwaretesting.com/chunk-JBAH3FYV.js:7:39700)
    at GC (https://practicesoftwaretesting.com/chunk-JBAH3FYV.js:7:48997)
    at rd (https://practicesoftwaretesting.com/chunk-JBAH3FYV.js:7:50165)
    at Xm (https://practicesoftwaretesting.com/chunk-JBAH3FYV.js:7:49997)
    at WC (https://practicesoftwaretesting.com/chunk-JBAH3FYV.js:7:49953)
    at ev (https://practicesoftwaretesting.com/chunk-JBAH3FYV.js:7:50344)
    at GC (https://practicesoftwaretesting.com/chunk-JBAH3FYV.js:7:49352)
    at rd (https://practicesoftwaretesting.com/chunk-JBAH3FYV.js:7:50165)
    at Xm (https://practicesoftwaretesting.com/chunk-JBAH3FYV.js:7:49997) @ https://practicesoftwaretesting.com/chunk-JBAH3FYV.js:6
[     207ms] [ERROR] Failed to load resource: the server responded with a status of 401 () @ https://api.practicesoftwaretesting.com/users/me:0
[     208ms] [ERROR] ERROR TypeError: Cannot read properties of null (reading 'cart_items')
    at template (https://practicesoftwaretesting.com/chunk-INL72T3J.js:1:29496)
    at Vm (https://practicesoftwaretesting.com/chunk-JBAH3FYV.js:7:39700)
    at GC (https://practicesoftwaretesting.com/chunk-JBAH3FYV.js:7:48997)
    at rd (https://practicesoftwaretesting.com/chunk-JBAH3FYV.js:7:50165)
    at Xm (https://practicesoftwaretesting.com/chunk-JBAH3FYV.js:7:49997)
    at WC (https://practicesoftwaretesting.com/chunk-JBAH3FYV.js:7:49953)
    at ev (https://practicesoftwaretesting.com/chunk-JBAH3FYV.js:7:50344)
    at GC (https://practicesoftwaretesting.com/chunk-JBAH3FYV.js:7:49352)
    at rd (https://practicesoftwaretesting.com/chunk-JBAH3FYV.js:7:50165)
    at Xm (https://practicesoftwaretesting.com/chunk-JBAH3FYV.js:7:49997) @ https://practicesoftwaretesting.com/chunk-JBAH3FYV.js:6
[     209ms] [ERROR] ERROR TypeError: Cannot read properties of null (reading 'cart_items')
    at template (https://practicesoftwaretesting.com/chunk-INL72T3J.js:1:29496)
    at Vm (https://practicesoftwaretesting.com/chunk-JBAH3FYV.js:7:39700)
    at GC (https://practicesoftwaretesting.com/chunk-JBAH3FYV.js:7:48997)
    at rd (https://practicesoftwaretesting.com/chunk-JBAH3FYV.js:7:50165)
    at Xm (https://practicesoftwaretesting.com/chunk-JBAH3FYV.js:7:49997)
    at WC (https://practicesoftwaretesting.com/chunk-JBAH3FYV.js:7:49953)
    at ev (https://practicesoftwaretesting.com/chunk-JBAH3FYV.js:7:50344)
    at GC (https://practicesoftwaretesting.com/chunk-JBAH3FYV.js:7:49352)
    at rd (https://practicesoftwaretesting.com/chunk-JBAH3FYV.js:7:50165)
    at Xm (https://practicesoftwaretesting.com/chunk-JBAH3FYV.js:7:49997) @ https://practicesoftwaretesting.com/chunk-JBAH3FYV.js:6
[     210ms] [ERROR] ERROR TypeError: Cannot read properties of null (reading 'cart_items')
    at template (https://practicesoftwaretesting.com/chunk-INL72T3J.js:1:29496)
    at Vm (https://practicesoftwaretesting.com/chunk-JBAH3FYV.js:7:39700)
    at GC (https://practicesoftwaretesting.com/chunk-JBAH3FYV.js:7:48997)
    at rd (https://practicesoftwaretesting.com/chunk-JBAH3FYV.js:7:50165)
    at Xm (https://practicesoftwaretesting.com/chunk-JBAH3FYV.js:7:49997)
    at WC (https://practicesoftwaretesting.com/chunk-JBAH3FYV.js:7:49953)
    at ev (https://practicesoftwaretesting.com/chunk-JBAH3FYV.js:7:50344)
    at GC (https://practicesoftwaretesting.com/chunk-JBAH3FYV.js:7:49352)
    at rd (https://practicesoftwaretesting.com/chunk-JBAH3FYV.js:7:50165)
    at Xm (https://practicesoftwaretesting.com/chunk-JBAH3FYV.js:7:49997) @ https://practicesoftwaretesting.com/chunk-JBAH3FYV.js:6
[     257ms] [ERROR] Failed to load resource: the server responded with a status of 401 () @ https://api.practicesoftwaretesting.com/users/me:0
[     258ms] [ERROR] ERROR TypeError: Cannot read properties of null (reading 'cart_items')
    at template (https://practicesoftwaretesting.com/chunk-INL72T3J.js:1:29496)
    at Vm (https://practicesoftwaretesting.com/chunk-JBAH3FYV.js:7:39700)
    at GC (https://practicesoftwaretesting.com/chunk-JBAH3FYV.js:7:48997)
    at rd (https://practicesoftwaretesting.com/chunk-JBAH3FYV.js:7:50165)
    at Xm (https://practicesoftwaretesting.com/chunk-JBAH3FYV.js:7:49997)
    at WC (https://practicesoftwaretesting.com/chunk-JBAH3FYV.js:7:49953)
    at ev (https://practicesoftwaretesting.com/chunk-JBAH3FYV.js:7:50344)
    at GC (https://practicesoftwaretesting.com/chunk-JBAH3FYV.js:7:49352)
    at rd (https://practicesoftwaretesting.com/chunk-JBAH3FYV.js:7:50165)
    at Xm (https://practicesoftwaretesting.com/chunk-JBAH3FYV.js:7:49997) @ https://practicesoftwaretesting.com/chunk-JBAH3FYV.js:6
[     258ms] [ERROR] ERROR TypeError: Cannot read properties of null (reading 'cart_items')
    at template (https://practicesoftwaretesting.com/chunk-INL72T3J.js:1:29496)
    at Vm (https://practicesoftwaretesting.com/chunk-JBAH3FYV.js:7:39700)
    at GC (https://practicesoftwaretesting.com/chunk-JBAH3FYV.js:7:48997)
    at rd (https://practicesoftwaretesting.com/chunk-JBAH3FYV.js:7:50165)
    at Xm (https://practicesoftwaretesting.com/chunk-JBAH3FYV.js:7:49997)
    at WC (https://practicesoftwaretesting.com/chunk-JBAH3FYV.js:7:49953)
    at ev (https://practicesoftwaretesting.com/chunk-JBAH3FYV.js:7:50344)
    at GC (https://practicesoftwaretesting.com/chunk-JBAH3FYV.js:7:49352)
    at rd (https://practicesoftwaretesting.com/chunk-JBAH3FYV.js:7:50165)
    at Xm (https://practicesoftwaretesting.com/chunk-JBAH3FYV.js:7:49997) @ https://practicesoftwaretesting.com/chunk-JBAH3FYV.js:6
[     259ms] [ERROR] ERROR TypeError: Cannot read properties of null (reading 'cart_items')
    at template (https://practicesoftwaretesting.com/chunk-INL72T3J.js:1:29496)
    at Vm (https://practicesoftwaretesting.com/chunk-JBAH3FYV.js:7:39700)
    at GC (https://practicesoftwaretesting.com/chunk-JBAH3FYV.js:7:48997)
    at rd (https://practicesoftwaretesting.com/chunk-JBAH3FYV.js:7:50165)
    at Xm (https://practicesoftwaretesting.com/chunk-JBAH3FYV.js:7:49997)
    at WC (https://practicesoftwaretesting.com/chunk-JBAH3FYV.js:7:49953)
    at ev (https://practicesoftwaretesting.com/chunk-JBAH3FYV.js:7:50344)
    at GC (https://practicesoftwaretesting.com/chunk-JBAH3FYV.js:7:49352)
    at rd (https://practicesoftwaretesting.com/chunk-JBAH3FYV.js:7:50165)
    at Xm (https://practicesoftwaretesting.com/chunk-JBAH3FYV.js:7:49997) @ https://practicesoftwaretesting.com/chunk-JBAH3FYV.js:6
[     260ms] [ERROR] ERROR {message: Unauthorized} @ https://practicesoftwaretesting.com/chunk-JBAH3FYV.js:6
[     296ms] [ERROR] Failed to load resource: the server responded with a status of 401 () @ https://api.practicesoftwaretesting.com/users/me:0
[     297ms] [ERROR] ERROR TypeError: Cannot read properties of null (reading 'cart_items')
    at template (https://practicesoftwaretesting.com/chunk-INL72T3J.js:1:29496)
    at Vm (https://practicesoftwaretesting.com/chunk-JBAH3FYV.js:7:39700)
    at GC (https://practicesoftwaretesting.com/chunk-JBAH3FYV.js:7:48997)
    at rd (https://practicesoftwaretesting.com/chunk-JBAH3FYV.js:7:50165)
    at Xm (https://practicesoftwaretesting.com/chunk-JBAH3FYV.js:7:49997)
    at WC (https://practicesoftwaretesting.com/chunk-JBAH3FYV.js:7:49953)
    at ev (https://practicesoftwaretesting.com/chunk-JBAH3FYV.js:7:50344)
    at GC (https://practicesoftwaretesting.com/chunk-JBAH3FYV.js:7:49352)
    at rd (https://practicesoftwaretesting.com/chunk-JBAH3FYV.js:7:50165)
    at Xm (https://practicesoftwaretesting.com/chunk-JBAH3FYV.js:7:49997) @ https://practicesoftwaretesting.com/chunk-JBAH3FYV.js:6
[     297ms] [ERROR] ERROR TypeError: Cannot read properties of null (reading 'cart_items')
    at template (https://practicesoftwaretesting.com/chunk-INL72T3J.js:1:29496)
    at Vm (https://practicesoftwaretesting.com/chunk-JBAH3FYV.js:7:39700)
    at GC (https://practicesoftwaretesting.com/chunk-JBAH3FYV.js:7:48997)
    at rd (https://practicesoftwaretesting.com/chunk-JBAH3FYV.js:7:50165)
    at Xm (https://practicesoftwaretesting.com/chunk-JBAH3FYV.js:7:49997)
    at WC (https://practicesoftwaretesting.com/chunk-JBAH3FYV.js:7:49953)
    at ev (https://practicesoftwaretesting.com/chunk-JBAH3FYV.js:7:50344)
    at GC (https://practicesoftwaretesting.com/chunk-JBAH3FYV.js:7:49352)
    at rd (https://practicesoftwaretesting.com/chunk-JBAH3FYV.js:7:50165)
    at Xm (https://practicesoftwaretesting.com/chunk-JBAH3FYV.js:7:49997) @ https://practicesoftwaretesting.com/chunk-JBAH3FYV.js:6
[     298ms] [ERROR] ERROR TypeError: Cannot read properties of null (reading 'cart_items')
    at template (https://practicesoftwaretesting.com/chunk-INL72T3J.js:1:29496)
    at Vm (https://practicesoftwaretesting.com/chunk-JBAH3FYV.js:7:39700)
    at GC (https://practicesoftwaretesting.com/chunk-JBAH3FYV.js:7:48997)
    at rd (https://practicesoftwaretesting.com/chunk-JBAH3FYV.js:7:50165)
    at Xm (https://practicesoftwaretesting.com/chunk-JBAH3FYV.js:7:49997)
    at WC (https://practicesoftwaretesting.com/chunk-JBAH3FYV.js:7:49953)
    at ev (https://practicesoftwaretesting.com/chunk-JBAH3FYV.js:7:50344)
    at GC (https://practicesoftwaretesting.com/chunk-JBAH3FYV.js:7:49352)
    at rd (https://practicesoftwaretesting.com/chunk-JBAH3FYV.js:7:50165)
    at Xm (https://practicesoftwaretesting.com/chunk-JBAH3FYV.js:7:49997) @ https://practicesoftwaretesting.com/chunk-JBAH3FYV.js:6
[     298ms] [ERROR] ERROR {message: Unauthorized} @ https://practicesoftwaretesting.com/chunk-JBAH3FYV.js:6
[     425ms] [LOG] Google Analytics 4 ready for tracking @ https://practicesoftwaretesting.com/chunk-4EZ6YPXQ.js:0
[     425ms] [ERROR] ERROR TypeError: Cannot read properties of null (reading 'cart_items')
    at template (https://practicesoftwaretesting.com/chunk-INL72T3J.js:1:29496)
    at Vm (https://practicesoftwaretesting.com/chunk-JBAH3FYV.js:7:39700)
    at GC (https://practicesoftwaretesting.com/chunk-JBAH3FYV.js:7:48997)
    at rd (https://practicesoftwaretesting.com/chunk-JBAH3FYV.js:7:50165)
    at Xm (https://practicesoftwaretesting.com/chunk-JBAH3FYV.js:7:49997)
    at WC (https://practicesoftwaretesting.com/chunk-JBAH3FYV.js:7:49953)
    at ev (https://practicesoftwaretesting.com/chunk-JBAH3FYV.js:7:50344)
    at GC (https://practicesoftwaretesting.com/chunk-JBAH3FYV.js:7:49352)
    at rd (https://practicesoftwaretesting.com/chunk-JBAH3FYV.js:7:50165)
    at Xm (https://practicesoftwaretesting.com/chunk-JBAH3FYV.js:7:49997) @ https://practicesoftwaretesting.com/chunk-JBAH3FYV.js:6
[     430ms] [ERROR] ERROR TypeError: Cannot read properties of null (reading 'cart_items')
    at template (https://practicesoftwaretesting.com/chunk-INL72T3J.js:1:29496)
    at Vm (https://practicesoftwaretesting.com/chunk-JBAH3FYV.js:7:39700)
    at GC (https://practicesoftwaretesting.com/chunk-JBAH3FYV.js:7:48997)
    at rd (https://practicesoftwaretesting.com/chunk-JBAH3FYV.js:7:50165)
    at Xm (https://practicesoftwaretesting.com/chunk-JBAH3FYV.js:7:49997)
    at WC (https://practicesoftwaretesting.com/chunk-JBAH3FYV.js:7:49953)
    at ev (https://practicesoftwaretesting.com/chunk-JBAH3FYV.js:7:50344)
    at GC (https://practicesoftwaretesting.com/chunk-JBAH3FYV.js:7:49352)
    at rd (https://practicesoftwaretesting.com/chunk-JBAH3FYV.js:7:50165)
    at Xm (https://practicesoftwaretesting.com/chunk-JBAH3FYV.js:7:49997) @ https://practicesoftwaretesting.com/chunk-JBAH3FYV.js:6
[     431ms] [ERROR] ERROR TypeError: Cannot read properties of null (reading 'cart_items')
    at template (https://practicesoftwaretesting.com/chunk-INL72T3J.js:1:29496)
    at Vm (https://practicesoftwaretesting.com/chunk-JBAH3FYV.js:7:39700)
    at GC (https://practicesoftwaretesting.com/chunk-JBAH3FYV.js:7:48997)
    at rd (https://practicesoftwaretesting.com/chunk-JBAH3FYV.js:7:50165)
    at Xm (https://practicesoftwaretesting.com/chunk-JBAH3FYV.js:7:49997)
    at WC (https://practicesoftwaretesting.com/chunk-JBAH3FYV.js:7:49953)
    at ev (https://practicesoftwaretesting.com/chunk-JBAH3FYV.js:7:50344)
    at GC (https://practicesoftwaretesting.com/chunk-JBAH3FYV.js:7:49352)
    at rd (https://practicesoftwaretesting.com/chunk-JBAH3FYV.js:7:50165)
    at Xm (https://practicesoftwaretesting.com/chunk-JBAH3FYV.js:7:49997) @ https://practicesoftwaretesting.com/chunk-JBAH3FYV.js:6
[     432ms] [ERROR] ERROR TypeError: Cannot read properties of null (reading 'cart_items')
    at template (https://practicesoftwaretesting.com/chunk-INL72T3J.js:1:29496)
    at Vm (https://practicesoftwaretesting.com/chunk-JBAH3FYV.js:7:39700)
    at GC (https://practicesoftwaretesting.com/chunk-JBAH3FYV.js:7:48997)
    at rd (https://practicesoftwaretesting.com/chunk-JBAH3FYV.js:7:50165)
    at Xm (https://practicesoftwaretesting.com/chunk-JBAH3FYV.js:7:49997)
    at WC (https://practicesoftwaretesting.com/chunk-JBAH3FYV.js:7:49953)
    at ev (https://practicesoftwaretesting.com/chunk-JBAH3FYV.js:7:50344)
    at GC (https://practicesoftwaretesting.com/chunk-JBAH3FYV.js:7:49352)
    at rd (https://practicesoftwaretesting.com/chunk-JBAH3FYV.js:7:50165)
    at Xm (https://practicesoftwaretesting.com/chunk-JBAH3FYV.js:7:49997) @ https://practicesoftwaretesting.com/chunk-JBAH3FYV.js:6
[     432ms] [ERROR] ERROR TypeError: Cannot read properties of null (reading 'cart_items')
    at template (https://practicesoftwaretesting.com/chunk-INL72T3J.js:1:29496)
    at Vm (https://practicesoftwaretesting.com/chunk-JBAH3FYV.js:7:39700)
    at GC (https://practicesoftwaretesting.com/chunk-JBAH3FYV.js:7:48997)
    at rd (https://practicesoftwaretesting.com/chunk-JBAH3FYV.js:7:50165)
    at Xm (https://practicesoftwaretesting.com/chunk-JBAH3FYV.js:7:49997)
    at WC (https://practicesoftwaretesting.com/chunk-JBAH3FYV.js:7:49953)
    at ev (https://practicesoftwaretesting.com/chunk-JBAH3FYV.js:7:50344)
    at GC (https://practicesoftwaretesting.com/chunk-JBAH3FYV.js:7:49352)
    at rd (https://practicesoftwaretesting.com/chunk-JBAH3FYV.js:7:50165)
    at Xm (https://practicesoftwaretesting.com/chunk-JBAH3FYV.js:7:49997) @ https://practicesoftwaretesting.com/chunk-JBAH3FYV.js:6
[     433ms] [ERROR] ERROR TypeError: Cannot read properties of null (reading 'cart_items')
    at template (https://practicesoftwaretesting.com/chunk-INL72T3J.js:1:29496)
    at Vm (https://practicesoftwaretesting.com/chunk-JBAH3FYV.js:7:39700)
    at GC (https://practicesoftwaretesting.com/chunk-JBAH3FYV.js:7:48997)
    at rd (https://practicesoftwaretesting.com/chunk-JBAH3FYV.js:7:50165)
    at Xm (https://practicesoftwaretesting.com/chunk-JBAH3FYV.js:7:49997)
    at WC (https://practicesoftwaretesting.com/chunk-JBAH3FYV.js:7:49953)
    at ev (https://practicesoftwaretesting.com/chunk-JBAH3FYV.js:7:50344)
    at GC (https://practicesoftwaretesting.com/chunk-JBAH3FYV.js:7:49352)
    at rd (https://practicesoftwaretesting.com/chunk-JBAH3FYV.js:7:50165)
    at Xm (https://practicesoftwaretesting.com/chunk-JBAH3FYV.js:7:49997) @ https://practicesoftwaretesting.com/chunk-JBAH3FYV.js:6
[     434ms] [ERROR] ERROR TypeError: Cannot read properties of null (reading 'cart_items')
    at template (https://practicesoftwaretesting.com/chunk-INL72T3J.js:1:29496)
    at Vm (https://practicesoftwaretesting.com/chunk-JBAH3FYV.js:7:39700)
    at GC (https://practicesoftwaretesting.com/chunk-JBAH3FYV.js:7:48997)
    at rd (https://practicesoftwaretesting.com/chunk-JBAH3FYV.js:7:50165)
    at Xm (https://practicesoftwaretesting.com/chunk-JBAH3FYV.js:7:49997)
    at WC (https://practicesoftwaretesting.com/chunk-JBAH3FYV.js:7:49953)
    at ev (https://practicesoftwaretesting.com/chunk-JBAH3FYV.js:7:50344)
    at GC (https://practicesoftwaretesting.com/chunk-JBAH3FYV.js:7:49352)
    at rd (https://practicesoftwaretesting.com/chunk-JBAH3FYV.js:7:50165)
    at Xm (https://practicesoftwaretesting.com/chunk-JBAH3FYV.js:7:49997) @ https://practicesoftwaretesting.com/chunk-JBAH3FYV.js:6
[     435ms] [ERROR] ERROR TypeError: Cannot read properties of null (reading 'cart_items')
    at template (https://practicesoftwaretesting.com/chunk-INL72T3J.js:1:29496)
    at Vm (https://practicesoftwaretesting.com/chunk-JBAH3FYV.js:7:39700)
    at GC (https://practicesoftwaretesting.com/chunk-JBAH3FYV.js:7:48997)
    at rd (https://practicesoftwaretesting.com/chunk-JBAH3FYV.js:7:50165)
    at Xm (https://practicesoftwaretesting.com/chunk-JBAH3FYV.js:7:49997)
    at WC (https://practicesoftwaretesting.com/chunk-JBAH3FYV.js:7:49953)
    at ev (https://practicesoftwaretesting.com/chunk-JBAH3FYV.js:7:50344)
    at GC (https://practicesoftwaretesting.com/chunk-JBAH3FYV.js:7:49352)
    at rd (https://practicesoftwaretesting.com/chunk-JBAH3FYV.js:7:50165)
    at Xm (https://practicesoftwaretesting.com/chunk-JBAH3FYV.js:7:49997) @ https://practicesoftwaretesting.com/chunk-JBAH3FYV.js:6
[     436ms] [ERROR] ERROR TypeError: Cannot read properties of null (reading 'cart_items')
    at template (https://practicesoftwaretesting.com/chunk-INL72T3J.js:1:29496)
    at Vm (https://practicesoftwaretesting.com/chunk-JBAH3FYV.js:7:39700)
    at GC (https://practicesoftwaretesting.com/chunk-JBAH3FYV.js:7:48997)
    at rd (https://practicesoftwaretesting.com/chunk-JBAH3FYV.js:7:50165)
    at Xm (https://practicesoftwaretesting.com/chunk-JBAH3FYV.js:7:49997)
    at WC (https://practicesoftwaretesting.com/chunk-JBAH3FYV.js:7:49953)
    at ev (https://practicesoftwaretesting.com/chunk-JBAH3FYV.js:7:50344)
    at GC (https://practicesoftwaretesting.com/chunk-JBAH3FYV.js:7:49352)
    at rd (https://practicesoftwaretesting.com/chunk-JBAH3FYV.js:7:50165)
    at Xm (https://practicesoftwaretesting.com/chunk-JBAH3FYV.js:7:49997) @ https://practicesoftwaretesting.com/chunk-JBAH3FYV.js:6
[     436ms] [ERROR] ERROR TypeError: Cannot read properties of null (reading 'cart_items')
    at template (https://practicesoftwaretesting.com/chunk-INL72T3J.js:1:29496)
    at Vm (https://practicesoftwaretesting.com/chunk-JBAH3FYV.js:7:39700)
    at GC (https://practicesoftwaretesting.com/chunk-JBAH3FYV.js:7:48997)
    at rd (https://practicesoftwaretesting.com/chunk-JBAH3FYV.js:7:50165)
    at Xm (https://practicesoftwaretesting.com/chunk-JBAH3FYV.js:7:49997)
    at WC (https://practicesoftwaretesting.com/chunk-JBAH3FYV.js:7:49953)
    at ev (https://practicesoftwaretesting.com/chunk-JBAH3FYV.js:7:50344)
    at GC (https://practicesoftwaretesting.com/chunk-JBAH3FYV.js:7:49352)
    at rd (https://practicesoftwaretesting.com/chunk-JBAH3FYV.js:7:50165)
    at Xm (https://practicesoftwaretesting.com/chunk-JBAH3FYV.js:7:49997) @ https://practicesoftwaretesting.com/chunk-JBAH3FYV.js:6
[     437ms] [ERROR] ERROR TypeError: Cannot read properties of null (reading 'cart_items')
    at template (https://practicesoftwaretesting.com/chunk-INL72T3J.js:1:29496)
    at Vm (https://practicesoftwaretesting.com/chunk-JBAH3FYV.js:7:39700)
    at GC (https://practicesoftwaretesting.com/chunk-JBAH3FYV.js:7:48997)
    at rd (https://practicesoftwaretesting.com/chunk-JBAH3FYV.js:7:50165)
    at Xm (https://practicesoftwaretesting.com/chunk-JBAH3FYV.js:7:49997)
    at WC (https://practicesoftwaretesting.com/chunk-JBAH3FYV.js:7:49953)
    at ev (https://practicesoftwaretesting.com/chunk-JBAH3FYV.js:7:50344)
    at GC (https://practicesoftwaretesting.com/chunk-JBAH3FYV.js:7:49352)
    at rd (https://practicesoftwaretesting.com/chunk-JBAH3FYV.js:7:50165)
    at Xm (https://practicesoftwaretesting.com/chunk-JBAH3FYV.js:7:49997) @ https://practicesoftwaretesting.com/chunk-JBAH3FYV.js:6
[     451ms] [ERROR] ERROR TypeError: Cannot read properties of null (reading 'cart_items')
    at template (https://practicesoftwaretesting.com/chunk-INL72T3J.js:1:29496)
    at Vm (https://practicesoftwaretesting.com/chunk-JBAH3FYV.js:7:39700)
    at GC (https://practicesoftwaretesting.com/chunk-JBAH3FYV.js:7:48997)
    at rd (https://practicesoftwaretesting.com/chunk-JBAH3FYV.js:7:50165)
    at Xm (https://practicesoftwaretesting.com/chunk-JBAH3FYV.js:7:49997)
    at WC (https://practicesoftwaretesting.com/chunk-JBAH3FYV.js:7:49953)
    at ev (https://practicesoftwaretesting.com/chunk-JBAH3FYV.js:7:50344)
    at GC (https://practicesoftwaretesting.com/chunk-JBAH3FYV.js:7:49352)
    at rd (https://practicesoftwaretesting.com/chunk-JBAH3FYV.js:7:50165)
    at Xm (https://practicesoftwaretesting.com/chunk-JBAH3FYV.js:7:49997) @ https://practicesoftwaretesting.com/chunk-JBAH3FYV.js:6
[     452ms] [ERROR] ERROR TypeError: Cannot read properties of null (reading 'cart_items')
    at template (https://practicesoftwaretesting.com/chunk-INL72T3J.js:1:29496)
    at Vm (https://practicesoftwaretesting.com/chunk-JBAH3FYV.js:7:39700)
    at GC (https://practicesoftwaretesting.com/chunk-JBAH3FYV.js:7:48997)
    at rd (https://practicesoftwaretesting.com/chunk-JBAH3FYV.js:7:50165)
    at Xm (https://practicesoftwaretesting.com/chunk-JBAH3FYV.js:7:49997)
    at WC (https://practicesoftwaretesting.com/chunk-JBAH3FYV.js:7:49953)
    at ev (https://practicesoftwaretesting.com/chunk-JBAH3FYV.js:7:50344)
    at GC (https://practicesoftwaretesting.com/chunk-JBAH3FYV.js:7:49352)
    at rd (https://practicesoftwaretesting.com/chunk-JBAH3FYV.js:7:50165)
    at Xm (https://practicesoftwaretesting.com/chunk-JBAH3FYV.js:7:49997) @ https://practicesoftwaretesting.com/chunk-JBAH3FYV.js:6
[     453ms] [ERROR] ERROR TypeError: Cannot read properties of null (reading 'cart_items')
    at template (https://practicesoftwaretesting.com/chunk-INL72T3J.js:1:29496)
    at Vm (https://practicesoftwaretesting.com/chunk-JBAH3FYV.js:7:39700)
    at GC (https://practicesoftwaretesting.com/chunk-JBAH3FYV.js:7:48997)
    at rd (https://practicesoftwaretesting.com/chunk-JBAH3FYV.js:7:50165)
    at Xm (https://practicesoftwaretesting.com/chunk-JBAH3FYV.js:7:49997)
    at WC (https://practicesoftwaretesting.com/chunk-JBAH3FYV.js:7:49953)
    at ev (https://practicesoftwaretesting.com/chunk-JBAH3FYV.js:7:50344)
    at GC (https://practicesoftwaretesting.com/chunk-JBAH3FYV.js:7:49352)
    at rd (https://practicesoftwaretesting.com/chunk-JBAH3FYV.js:7:50165)
    at Xm (https://practicesoftwaretesting.com/chunk-JBAH3FYV.js:7:49997) @ https://practicesoftwaretesting.com/chunk-JBAH3FYV.js:6
[     454ms] [ERROR] ERROR TypeError: Cannot read properties of null (reading 'cart_items')
    at template (https://practicesoftwaretesting.com/chunk-INL72T3J.js:1:29496)
    at Vm (https://practicesoftwaretesting.com/chunk-JBAH3FYV.js:7:39700)
    at GC (https://practicesoftwaretesting.com/chunk-JBAH3FYV.js:7:48997)
    at rd (https://practicesoftwaretesting.com/chunk-JBAH3FYV.js:7:50165)
    at Xm (https://practicesoftwaretesting.com/chunk-JBAH3FYV.js:7:49997)
    at WC (https://practicesoftwaretesting.com/chunk-JBAH3FYV.js:7:49953)
    at ev (https://practicesoftwaretesting.com/chunk-JBAH3FYV.js:7:50344)
    at GC (https://practicesoftwaretesting.com/chunk-JBAH3FYV.js:7:49352)
    at rd (https://practicesoftwaretesting.com/chunk-JBAH3FYV.js:7:50165)
    at Xm (https://practicesoftwaretesting.com/chunk-JBAH3FYV.js:7:49997) @ https://practicesoftwaretesting.com/chunk-JBAH3FYV.js:6
[     455ms] [ERROR] ERROR TypeError: Cannot read properties of null (reading 'cart_items')
    at template (https://practicesoftwaretesting.com/chunk-INL72T3J.js:1:29496)
    at Vm (https://practicesoftwaretesting.com/chunk-JBAH3FYV.js:7:39700)
    at GC (https://practicesoftwaretesting.com/chunk-JBAH3FYV.js:7:48997)
    at rd (https://practicesoftwaretesting.com/chunk-JBAH3FYV.js:7:50165)
    at Xm (https://practicesoftwaretesting.com/chunk-JBAH3FYV.js:7:49997)
    at WC (https://practicesoftwaretesting.com/chunk-JBAH3FYV.js:7:49953)
    at ev (https://practicesoftwaretesting.com/chunk-JBAH3FYV.js:7:50344)
    at GC (https://practicesoftwaretesting.com/chunk-JBAH3FYV.js:7:49352)
    at rd (https://practicesoftwaretesting.com/chunk-JBAH3FYV.js:7:50165)
    at Xm (https://practicesoftwaretesting.com/chunk-JBAH3FYV.js:7:49997) @ https://practicesoftwaretesting.com/chunk-JBAH3FYV.js:6
[     455ms] [ERROR] ERROR TypeError: Cannot read properties of null (reading 'cart_items')
    at template (https://practicesoftwaretesting.com/chunk-INL72T3J.js:1:29496)
    at Vm (https://practicesoftwaretesting.com/chunk-JBAH3FYV.js:7:39700)
    at GC (https://practicesoftwaretesting.com/chunk-JBAH3FYV.js:7:48997)
    at rd (https://practicesoftwaretesting.com/chunk-JBAH3FYV.js:7:50165)
    at Xm (https://practicesoftwaretesting.com/chunk-JBAH3FYV.js:7:49997)
    at WC (https://practicesoftwaretesting.com/chunk-JBAH3FYV.js:7:49953)
    at ev (https://practicesoftwaretesting.com/chunk-JBAH3FYV.js:7:50344)
    at GC (https://practicesoftwaretesting.com/chunk-JBAH3FYV.js:7:49352)
    at rd (https://practicesoftwaretesting.com/chunk-JBAH3FYV.js:7:50165)
    at Xm (https://practicesoftwaretesting.com/chunk-JBAH3FYV.js:7:49997) @ https://practicesoftwaretesting.com/chunk-JBAH3FYV.js:6
[     455ms] [ERROR] ERROR TypeError: Cannot read properties of null (reading 'cart_items')
    at template (https://practicesoftwaretesting.com/chunk-INL72T3J.js:1:29496)
    at Vm (https://practicesoftwaretesting.com/chunk-JBAH3FYV.js:7:39700)
    at GC (https://practicesoftwaretesting.com/chunk-JBAH3FYV.js:7:48997)
    at rd (https://practicesoftwaretesting.com/chunk-JBAH3FYV.js:7:50165)
    at Xm (https://practicesoftwaretesting.com/chunk-JBAH3FYV.js:7:49997)
    at WC (https://practicesoftwaretesting.com/chunk-JBAH3FYV.js:7:49953)
    at ev (https://practicesoftwaretesting.com/chunk-JBAH3FYV.js:7:50344)
    at GC (https://practicesoftwaretesting.com/chunk-JBAH3FYV.js:7:49352)
    at rd (https://practicesoftwaretesting.com/chunk-JBAH3FYV.js:7:50165)
    at Xm (https://practicesoftwaretesting.com/chunk-JBAH3FYV.js:7:49997) @ https://practicesoftwaretesting.com/chunk-JBAH3FYV.js:6
[     455ms] [ERROR] ERROR TypeError: Cannot read properties of null (reading 'cart_items')
    at template (https://practicesoftwaretesting.com/chunk-INL72T3J.js:1:29496)
    at Vm (https://practicesoftwaretesting.com/chunk-JBAH3FYV.js:7:39700)
    at GC (https://practicesoftwaretesting.com/chunk-JBAH3FYV.js:7:48997)
    at rd (https://practicesoftwaretesting.com/chunk-JBAH3FYV.js:7:50165)
    at Xm (https://practicesoftwaretesting.com/chunk-JBAH3FYV.js:7:49997)
    at WC (https://practicesoftwaretesting.com/chunk-JBAH3FYV.js:7:49953)
    at ev (https://practicesoftwaretesting.com/chunk-JBAH3FYV.js:7:50344)
    at GC (https://practicesoftwaretesting.com/chunk-JBAH3FYV.js:7:49352)
    at rd (https://practicesoftwaretesting.com/chunk-JBAH3FYV.js:7:50165)
    at Xm (https://practicesoftwaretesting.com/chunk-JBAH3FYV.js:7:49997) @ https://practicesoftwaretesting.com/chunk-JBAH3FYV.js:6
[     456ms] [ERROR] ERROR TypeError: Cannot read properties of null (reading 'cart_items')
    at template (https://practicesoftwaretesting.com/chunk-INL72T3J.js:1:29496)
    at Vm (https://practicesoftwaretesting.com/chunk-JBAH3FYV.js:7:39700)
    at GC (https://practicesoftwaretesting.com/chunk-JBAH3FYV.js:7:48997)
    at rd (https://practicesoftwaretesting.com/chunk-JBAH3FYV.js:7:50165)
    at Xm (https://practicesoftwaretesting.com/chunk-JBAH3FYV.js:7:49997)
    at WC (https://practicesoftwaretesting.com/chunk-JBAH3FYV.js:7:49953)
    at ev (https://practicesoftwaretesting.com/chunk-JBAH3FYV.js:7:50344)
    at GC (https://practicesoftwaretesting.com/chunk-JBAH3FYV.js:7:49352)
    at rd (https://practicesoftwaretesting.com/chunk-JBAH3FYV.js:7:50165)
    at Xm (https://practicesoftwaretesting.com/chunk-JBAH3FYV.js:7:49997) @ https://practicesoftwaretesting.com/chunk-JBAH3FYV.js:6
[     456ms] [ERROR] ERROR TypeError: Cannot read properties of null (reading 'cart_items')
    at template (https://practicesoftwaretesting.com/chunk-INL72T3J.js:1:29496)
    at Vm (https://practicesoftwaretesting.com/chunk-JBAH3FYV.js:7:39700)
    at GC (https://practicesoftwaretesting.com/chunk-JBAH3FYV.js:7:48997)
    at rd (https://practicesoftwaretesting.com/chunk-JBAH3FYV.js:7:50165)
    at Xm (https://practicesoftwaretesting.com/chunk-JBAH3FYV.js:7:49997)
    at WC (https://practicesoftwaretesting.com/chunk-JBAH3FYV.js:7:49953)
    at ev (https://practicesoftwaretesting.com/chunk-JBAH3FYV.js:7:50344)
    at GC (https://practicesoftwaretesting.com/chunk-JBAH3FYV.js:7:49352)
    at rd (https://practicesoftwaretesting.com/chunk-JBAH3FYV.js:7:50165)
    at Xm (https://practicesoftwaretesting.com/chunk-JBAH3FYV.js:7:49997) @ https://practicesoftwaretesting.com/chunk-JBAH3FYV.js:6
[     457ms] [ERROR] ERROR TypeError: Cannot read properties of null (reading 'cart_items')
    at template (https://practicesoftwaretesting.com/chunk-INL72T3J.js:1:29496)
    at Vm (https://practicesoftwaretesting.com/chunk-JBAH3FYV.js:7:39700)
    at GC (https://practicesoftwaretesting.com/chunk-JBAH3FYV.js:7:48997)
    at rd (https://practicesoftwaretesting.com/chunk-JBAH3FYV.js:7:50165)
    at Xm (https://practicesoftwaretesting.com/chunk-JBAH3FYV.js:7:49997)
    at WC (https://practicesoftwaretesting.com/chunk-JBAH3FYV.js:7:49953)
    at ev (https://practicesoftwaretesting.com/chunk-JBAH3FYV.js:7:50344)
    at GC (https://practicesoftwaretesting.com/chunk-JBAH3FYV.js:7:49352)
    at rd (https://practicesoftwaretesting.com/chunk-JBAH3FYV.js:7:50165)
    at Xm (https://practicesoftwaretesting.com/chunk-JBAH3FYV.js:7:49997) @ https://practicesoftwaretesting.com/chunk-JBAH3FYV.js:6
[     458ms] [ERROR] ERROR TypeError: Cannot read properties of null (reading 'cart_items')
    at template (https://practicesoftwaretesting.com/chunk-INL72T3J.js:1:29496)
    at Vm (https://practicesoftwaretesting.com/chunk-JBAH3FYV.js:7:39700)
    at GC (https://practicesoftwaretesting.com/chunk-JBAH3FYV.js:7:48997)
    at rd (https://practicesoftwaretesting.com/chunk-JBAH3FYV.js:7:50165)
    at Xm (https://practicesoftwaretesting.com/chunk-JBAH3FYV.js:7:49997)
    at WC (https://practicesoftwaretesting.com/chunk-JBAH3FYV.js:7:49953)
    at ev (https://practicesoftwaretesting.com/chunk-JBAH3FYV.js:7:50344)
    at GC (https://practicesoftwaretesting.com/chunk-JBAH3FYV.js:7:49352)
    at rd (https://practicesoftwaretesting.com/chunk-JBAH3FYV.js:7:50165)
    at Xm (https://practicesoftwaretesting.com/chunk-JBAH3FYV.js:7:49997) @ https://practicesoftwaretesting.com/chunk-JBAH3FYV.js:6
[     458ms] [ERROR] ERROR TypeError: Cannot read properties of null (reading 'cart_items')
    at template (https://practicesoftwaretesting.com/chunk-INL72T3J.js:1:29496)
    at Vm (https://practicesoftwaretesting.com/chunk-JBAH3FYV.js:7:39700)
    at GC (https://practicesoftwaretesting.com/chunk-JBAH3FYV.js:7:48997)
    at rd (https://practicesoftwaretesting.com/chunk-JBAH3FYV.js:7:50165)
    at Xm (https://practicesoftwaretesting.com/chunk-JBAH3FYV.js:7:49997)
    at WC (https://practicesoftwaretesting.com/chunk-JBAH3FYV.js:7:49953)
    at ev (https://practicesoftwaretesting.com/chunk-JBAH3FYV.js:7:50344)
    at GC (https://practicesoftwaretesting.com/chunk-JBAH3FYV.js:7:49352)
    at rd (https://practicesoftwaretesting.com/chunk-JBAH3FYV.js:7:50165)
    at Xm (https://practicesoftwaretesting.com/chunk-JBAH3FYV.js:7:49997) @ https://practicesoftwaretesting.com/chunk-JBAH3FYV.js:6
[     513ms] [ERROR] ERROR TypeError: Cannot read properties of null (reading 'cart_items')
    at template (https://practicesoftwaretesting.com/chunk-INL72T3J.js:1:29496)
    at Vm (https://practicesoftwaretesting.com/chunk-JBAH3FYV.js:7:39700)
    at GC (https://practicesoftwaretesting.com/chunk-JBAH3FYV.js:7:48997)
    at rd (https://practicesoftwaretesting.com/chunk-JBAH3FYV.js:7:50165)
    at Xm (https://practicesoftwaretesting.com/chunk-JBAH3FYV.js:7:49997)
    at WC (https://practicesoftwaretesting.com/chunk-JBAH3FYV.js:7:49953)
    at ev (https://practicesoftwaretesting.com/chunk-JBAH3FYV.js:7:50344)
    at GC (https://practicesoftwaretesting.com/chunk-JBAH3FYV.js:7:49352)
    at rd (https://practicesoftwaretesting.com/chunk-JBAH3FYV.js:7:50165)
    at Xm (https://practicesoftwaretesting.com/chunk-JBAH3FYV.js:7:49997) @ https://practicesoftwaretesting.com/chunk-JBAH3FYV.js:6
